atax
atax_float
bicg
bicg_float
complexdiv
cordic
correlation_float
covariance
covariance_float
fir
functions
gaussian
gemm
gemm_float
gemver
gemver_float
gesummv_float
getTanh
gsum
gsum2
gsum3
gsumif
histogram
if_loop_1
if_loop_2
if_loop_3
if_loop_4
if_loop_5
if_loop_add
if_loop_mul
iir
image_resize
insertion_sort
jacobi_1d_imper
kernel_2mm
kernel_2mm_float
kernel_3mm
kernel_3mm_float
kmp
loop_array
matching
matching_2
matrix
matrix_power
matvec
memory_loop
mul_example
mvt_float
path_profiling
pivot
share_test_1
simple_example_1
simple_example_2
simple_example_3
simple_example_4
simple_example_5
simple_example_6
simple_example_7
sobel
stencil_2d
sumi3
sumi3_mem
symm_float
syr2k_float
test_memory_1
test_memory_10
test_memory_11
test_memory_12
test_memory_13
test_memory_14
test_memory_15
test_memory_16
test_memory_17
test_memory_2
test_memory_3
test_memory_4
test_memory_5
test_memory_6
test_memory_7
test_memory_8
test_memory_9
threshold
triangular
trisolv
vector_rescale
video_filter
while_loop_1
while_loop_2
while_loop_3
while_loop_4
while_loop_5
while_loop_6
